GAMS 30.2.0  r482c588 Released Feb  7, 2020 WEX-WEI x86 64bit/MS Windows 01/29/22 14:02:12 Page 1
G e n e r a l   A l g e b r a i c   M o d e l i n g   S y s t e m
C o m p i l a t i o n


   1  *Michael Craig 16 Apr 2020
   2   
INCLUDE    C:\Users\atpha\Documents\Postdocs\Projects\NETs\Model\EI-CE\GAMS\EDAn
           dUCSharedFeatures.gms
   4  *Michael Craig 14 May 2020
   5   
   7   
   8  Sets
   9  *Existing generators
  10           egu                             existing generators
  11                   renewegu(egu)                                  existing w
      ind and solar generators
  12                   windegu(renewegu)                              existing w
      ind generators
  13                   solaregu(renewegu)                             existing s
      olar generators
  14                   genegu(egu)                  egus that are not dacs or st
      orage
  15                   dacsegu(egu)                 direct air capture units
  16                   notdacsegu(egu)              egus that are not dac units
  17           storageegu(egu)                 storage units
  18           h                               hours
  19                   z                                                        
            zones
  20                   l                                                        
            lines
  21           ;
  22   
  23  Parameters
  24  *SIZE PARAMETERS [GW]
  25           pCapac(egu)                     hourly capacity of existing gener
      ators accounting for curtailments [GW]
  26  *HEAT RATES [MMBtu/GWh]
  27           pHr(egu)                        heat rate of existing generators 
      [MMBtu per GWh]
  28  *COST PARAMETERS
  29           pOpcost(egu)                    total operational cost [thousandU
      SD per GWh] = VOM + FuelCost*HR + EmsCost*EmsRate*HR
  30  *RAMP RATES [GW/hr]
  31           pRamprate(egu)                  up and down ramp rate of EGU [GW 
      per hr]
  32  *EMISSIONS RATES [short ton/MMBtu]
  33           pCO2emrate(egu)                 CO2 emissions rate of existing ge
      nerators [short ton per MMBtu]
  34  *EMISSIONS COST [$/short ton]
  35           pCO2cost
  36  *RENEWABLE GENERATION CAPS
  37           pMaxgenwind(z,h)                  max hourly generation for exist
      ing wind [GWh]
  38           pMaxgensolar(z,h)                 max hourly generation for exist
      ing solar [GWh]
  39  *STORAGE PARAMETERS
  40                   pStoinenergymarket              whether storage can provi
      de energy (1) or not (0)
  41           pEfficiency(storageegu)         round trip storage efficiency
  42           pCapaccharge(storageegu)        max charging capacity (GW)
  43           pMaxsoc(storageegu)             max stored energy (GWh)
  44           pMinsoc(storageegu)             min stored energy (GWh)
  45  *ZONAL PROPERTIES
  46                  pGenzone(egu)                                   zone in wh
      ich egu is located
  47                  pDemand(z,h)                      hourly electricity deman
      d [GWh]
  48          pLinesource(l)                                  zone that is the s
      ource of line l
  49                  pLinesink(l)                                    zone that 
      is the sink of line l
  50                  pLinecapac(l)                                   MW capacit
      y of line l
  51  *HOURLY ELECTRICITY DEMAND [GWh]
  52           pDemandShifter                  demand shifter (percentage)
  53           pDemandShiftingBlock
  54  *COST OF NONSERVED ENERGY [THOUSAND$/GWH]
  55           pCnse                                   cost of non-served energy
       [thousandUSD per GWh]
  56  *HOURLY RESERVE REQUIREMENTS [GW]
  57           pRegupreserves(z,h)         regulation up reserve [GW]
  58           pFlexreserves(z,h)
  59           pContreserves(z,h)
  60  *RESERVE PROVISION PARAMETERS
  61  *Convert ramp rate to reserve timeframe
  62           pRampratetoregreservescalar     converts ramp rate timeframe to r
      eg reserve timeframe
  63           pRampratetoflexreservescalar    converts ramp rate timeframe to s
      pin reserve timeframe
  64           pRampratetocontreservescalar    converts ramp rate timeframe to s
      pin reserve timeframe
  65  *Set whether generator can provide reserve
  66           pRegeligible(egu)               existing generators eligible to p
      rovide reg reserves [0] or not [1]
  67           pFlexeligible(egu)
  68           pConteligible(egu)
  69  *Set max reserve offer based on eligibility and ramp rate
  70           pMaxflexoffer(egu)
  71           pMaxcontoffer(egu)
  72           pMaxregupoffer(egu)
  73           ;
  74   
  75  $abort 'no include file name for data file provided'
****       $343
**** LINE     72 INCLUDE     C:\Users\atpha\Documents\Postdocs\Projects\NETs\Mod
                             el\EI-CE\GAMS\EDAndUCSharedFeatures.gms
**** LINE      3 INPUT       C:\Users\atpha\Documents\Postdocs\Projects\NETs\Mod
                             el\EI-CE\GAMS\CESharedFeatures.gms
GAMS 30.2.0  r482c588 Released Feb  7, 2020 WEX-WEI x86 64bit/MS Windows 01/29/22 14:02:12 Page 2
G e n e r a l   A l g e b r a i c   M o d e l i n g   S y s t e m
Error Messages


343  Abort triggered by above statement

**** 1 ERROR(S)   0 WARNING(S)
GAMS 30.2.0  r482c588 Released Feb  7, 2020 WEX-WEI x86 64bit/MS Windows 01/29/22 14:02:12 Page 3
G e n e r a l   A l g e b r a i c   M o d e l i n g   S y s t e m
Include File Summary


   SEQ   GLOBAL TYPE      PARENT   LOCAL  FILENAME

     1        1 INPUT          0       0  C:\Users\atpha\Documents\Postdocs\Proj
                                          ects\NETs\Model\EI-CE\GAMS\CESharedFea
                                          tures.gms
     2        3 INCLUDE        1       3  .C:\Users\atpha\Documents\Postdocs\Pro
                                           jects\NETs\Model\EI-CE\GAMS\EDAndUCSh
                                           aredFeatures.gms


COMPILATION TIME     =        0.078 SECONDS      2 MB  30.2.0 r482c588 WEX-WEI


USER: An Pham, Single User License                   G210526|0002AO-GEN
      University of Michigan, School for Environment and SustainDC15829
      License for teaching and research at degree granting institutions


**** FILE SUMMARY

Input      C:\Users\atpha\Documents\Postdocs\Projects\NETs\Model\EI-CE\GAMS\CESh
           aredFeatures.gms
Output     C:\Users\atpha\Documents\Postdocs\Projects\NETs\Model\EI-CE\GAMS\CESh
           aredFeatures.lst

**** USER ERROR(S) ENCOUNTERED
