GAMS 30.2.0  r482c588 Released Feb  7, 2020 WEX-WEI x86 64bit/MS Windows - 11/04/21 20:52:29 Page 1
G e n e r a l   A l g e b r a i c   M o d e l i n g   S y s t e m
C o m p i l a t i o n


   1  *Michael Craig 16 Apr 2020
   2   
   3  *$offlisting
   4  *$offsymxref offsymlist
   5  Options
   6           optcr = 1E-3
   7           reslim = 100000
   8                   threads = 0
   9           solvelink = 5
  10  *         limcol = 999
  11  *         limrow = 999
  12  *         solprint = silent
  13           ;
  14   
INCLUDE    C:\Users\atpha\Documents\Postdocs\Projects\NETs\Model\EI-CE\GAMS\CESharedFeatures.gms
  16  *Michael Craig 16 Apr 2020
  17   
INCLUDE    C:\Users\atpha\Documents\Postdocs\Projects\NETs\Model\EI-CE\GAMS\EDAndUCSharedFeatures.gms
  19  *Michael Craig 14 May 2020
  20   
  22   
  23  Sets
  24  *Existing generators
  25           egu                             existing generators
  26                   renewegu(egu)                                  existing wind and solar generators
  27                   windegu(renewegu)                              existing wind generators
  28                   solaregu(renewegu)                             existing solar generators
  29                   genegu(egu)                  egus that are not dacs or storage
  30                   dacsegu(egu)                 direct air capture units
  31                   notdacsegu(egu)              egus that are not dac units
  32           storageegu(egu)                 storage units
  33           h                               hours
  34                   z                                                              zones
  35                   l                                                              lines
  36           ;
  37   
  38  Parameters
  39  *SIZE PARAMETERS [GW]
  40           pCapac(egu)                     hourly capacity of existing generators accounting for curtailments [GW]
  41  *HEAT RATES [MMBtu/GWh]
  42           pHr(egu)                        heat rate of existing generators [MMBtu per GWh]
  43  *COST PARAMETERS
  44           pOpcost(egu)                    total operational cost [thousandUSD per GWh] = VOM + FuelCost*HR + EmsCost*EmsRate*HR
  45  *RAMP RATES [GW/hr]
  46           pRamprate(egu)                  up and down ramp rate of EGU [GW per hr]
  47  *EMISSIONS RATES [short ton/MMBtu]
  48           pCO2emrate(egu)                 CO2 emissions rate of existing generators [short ton per MMBtu]
  49  *EMISSIONS COST [$/short ton]
  50           pCO2cost
  51  *RENEWABLE GENERATION CAPS
  52           pMaxgenwind(z,h)                  max hourly generation for existing wind [GWh]
  53           pMaxgensolar(z,h)                 max hourly generation for existing solar [GWh]
  54  *STORAGE PARAMETERS
  55                   pStoinenergymarket              whether storage can provide energy (1) or not (0)
  56           pEfficiency(storageegu)         round trip storage efficiency
  57           pCapaccharge(storageegu)        max charging capacity (GW)
  58           pMaxsoc(storageegu)             max stored energy (GWh)
  59           pMinsoc(storageegu)             min stored energy (GWh)
  60  *ZONAL PROPERTIES
  61                  pGenzone(egu)                                   zone in which egu is located
  62                  pDemand(z,h)                      hourly electricity demand [GWh]
  63          pLinesource(l)                                  zone that is the source of line l
  64                  pLinesink(l)                                    zone that is the sink of line l
  65                  pLinecapac(l)                                   MW capacity of line l
  66  *HOURLY ELECTRICITY DEMAND [GWh]
  67           pDemandShifter                  demand shifter (percentage)
  68           pDemandShiftingBlock
  69  *COST OF NONSERVED ENERGY [THOUSAND$/GWH]
  70           pCnse                                   cost of non-served energy [thousandUSD per GWh]
  71  *HOURLY RESERVE REQUIREMENTS [GW]
  72           pRegupreserves(z,h)         regulation up reserve [GW]
  73           pFlexreserves(z,h)
  74           pContreserves(z,h)
  75  *RESERVE PROVISION PARAMETERS
  76  *Convert ramp rate to reserve timeframe
  77           pRampratetoregreservescalar     converts ramp rate timeframe to reg reserve timeframe
  78           pRampratetoflexreservescalar    converts ramp rate timeframe to spin reserve timeframe
  79           pRampratetocontreservescalar    converts ramp rate timeframe to spin reserve timeframe
  80  *Set whether generator can provide reserve
  81           pRegeligible(egu)               existing generators eligible to provide reg reserves [0] or not [1]
  82           pFlexeligible(egu)
  83           pConteligible(egu)
  84  *Set max reserve offer based on eligibility and ramp rate
  85           pMaxflexoffer(egu)
  86           pMaxcontoffer(egu)
  87           pMaxregupoffer(egu)
  88           ;
  89   
  90  $abort 'no include file name for data file provided'
****       $343
**** LINE     72 INCLUDE     C:\Users\atpha\Documents\Postdocs\Projects\NETs\Model\EI-CE\GAMS\EDAndUCSharedFeatures.gms
**** LINE      3 INCLUDE     C:\Users\atpha\Documents\Postdocs\Projects\NETs\Model\EI-CE\GAMS\CESharedFeatures.gms
**** LINE     15 INPUT       C:\Users\atpha\Documents\Postdocs\Projects\NETs\Model\EI-CE\GAMS\CEWithED.gms
**** 343  Abort triggered by above statement

**** 1 ERROR(S)   0 WARNING(S)
GAMS 30.2.0  r482c588 Released Feb  7, 2020 WEX-WEI x86 64bit/MS Windows - 11/04/21 20:52:29 Page 2
G e n e r a l   A l g e b r a i c   M o d e l i n g   S y s t e m
Include File Summary


   SEQ   GLOBAL TYPE      PARENT   LOCAL  FILENAME

     1        1 INPUT          0       0  C:\Users\atpha\Documents\Postdocs\Projects\NETs\Model\EI-CE\GAMS\CEWithED.gms
     2       15 INCLUDE        1      15  .C:\Users\atpha\Documents\Postdocs\Projects\NETs\Model\EI-CE\GAMS\CESharedFeatures.gms
     3       18 INCLUDE        2       3  ..C:\Users\atpha\Documents\Postdocs\Projects\NETs\Model\EI-CE\GAMS\EDAndUCSharedFeatures.gms


COMPILATION TIME     =        0.000 SECONDS      2 MB  30.2.0 r482c588 WEX-WEI


USER: An Pham, Single User License                   G210526|0002AO-GEN
      University of Michigan, School for Environment and SustainDC15829
      License for teaching and research at degree granting institutions


**** FILE SUMMARY

Input      C:\Users\atpha\Documents\Postdocs\Projects\NETs\Model\EI-CE\GAMS\CEWithED.gms
Output     C:\Users\atpha\Documents\Postdocs\Projects\NETs\Model\EI-CE\GAMS\CEWithED.lst

**** USER ERROR(S) ENCOUNTERED
