GAMS 30.2.0  r482c588 Released Feb  7, 2020 WEX-WEI x86 64bit/MS Windows 01/31/22 14:00:13 Page 1
G e n e r a l   A l g e b r a i c   M o d e l i n g   S y s t e m
C o m p i l a t i o n


   1  Sets
   2         i   regions   / MISO, PJM /
   3  Parameters
   4         a(i)  capacity of plant in regions
   5           /    MISO    200
   6                PJM     600  /
   7         b(i)  demand at regions
   8           /    MISO    100
   9                PJM     700  /
  10  Scalar d  current transmission line capacity  /0/ ;
  11  Scalar f  cost of expanding 1 MW of line  /100/ ;
  12  Scalar g  cost operation generation  /30/ ;
  13  Variables
  14       x(i)  generation
  15       y(i)  flows away from a region
  16       l     new capacity built
  17       z     total transmission cost ;
  18  Positive variables x,l;
  19  Equations
  20       cost        objective function
  21       supply(i)   supply limit at plant i
  22       demand(i)   satisfy demand
  23       flow_pos(i)     flow constrains
  24       flow_neg(i)     flow constrains
  25       flow_bal     flow balance;
  26  cost ..        z  =e=  f*l+sum(i, g*x(i)) ;
  27  supply(i) ..   x(i)  =l=  a(i) ;
  28  flow_pos(i) ..  y(i)  =l=  d + l ;
  29  flow_neg(i) ..  y(i)  =g=  -d - l ;
  30  flow_bal..  sum(i, y(i)) =e= 0;
  31  demand(i) ..   x(i) - y(i)  =e=  b(i) ;
  32  Model toyMod /all/ ;
  33  Solve toyMod using lp minimizing z ;


COMPILATION TIME     =        0.000 SECONDS      3 MB  30.2.0 r482c588 WEX-WEI
GAMS 30.2.0  r482c588 Released Feb  7, 2020 WEX-WEI x86 64bit/MS Windows 01/31/22 14:00:13 Page 2
G e n e r a l   A l g e b r a i c   M o d e l i n g   S y s t e m
Equation Listing    SOLVE toyMod Using LP From line 33


---- cost  =E=  objective function

cost..  - 30*x(MISO) - 30*x(PJM) - 100*l + z =E= 0 ; (LHS = 0)
     

---- supply  =L=  supply limit at plant i

supply(MISO)..  x(MISO) =L= 200 ; (LHS = 0)
     
supply(PJM)..  x(PJM) =L= 600 ; (LHS = 0)
     

---- demand  =E=  satisfy demand

demand(MISO)..  x(MISO) - y(MISO) =E= 100 ; (LHS = 0, INFES = 100 ****)
     
demand(PJM)..  x(PJM) - y(PJM) =E= 700 ; (LHS = 0, INFES = 700 ****)
     

---- flow_pos  =L=  flow constrains

flow_pos(MISO)..  y(MISO) - l =L= 0 ; (LHS = 0)
     
flow_pos(PJM)..  y(PJM) - l =L= 0 ; (LHS = 0)
     

---- flow_neg  =G=  flow constrains

flow_neg(MISO)..  y(MISO) + l =G= 0 ; (LHS = 0)
     
flow_neg(PJM)..  y(PJM) + l =G= 0 ; (LHS = 0)
     

---- flow_bal  =E=  flow balance

flow_bal..  y(MISO) + y(PJM) =E= 0 ; (LHS = 0)
     
GAMS 30.2.0  r482c588 Released Feb  7, 2020 WEX-WEI x86 64bit/MS Windows 01/31/22 14:00:13 Page 3
G e n e r a l   A l g e b r a i c   M o d e l i n g   S y s t e m
Column Listing      SOLVE toyMod Using LP From line 33


---- x  generation

x(MISO)
                (.LO, .L, .UP, .M = 0, 0, +INF, 0)
      -30       cost
        1       supply(MISO)
        1       demand(MISO)

x(PJM)
                (.LO, .L, .UP, .M = 0, 0, +INF, 0)
      -30       cost
        1       supply(PJM)
        1       demand(PJM)


---- y  flows away from a region

y(MISO)
                (.LO, .L, .UP, .M = -INF, 0, +INF, 0)
       -1       demand(MISO)
        1       flow_pos(MISO)
        1       flow_neg(MISO)
        1       flow_bal

y(PJM)
                (.LO, .L, .UP, .M = -INF, 0, +INF, 0)
       -1       demand(PJM)
        1       flow_pos(PJM)
        1       flow_neg(PJM)
        1       flow_bal


---- l  new capacity built

l
                (.LO, .L, .UP, .M = 0, 0, +INF, 0)
     -100       cost
       -1       flow_pos(MISO)
       -1       flow_pos(PJM)
        1       flow_neg(MISO)
        1       flow_neg(PJM)


---- z  total transmission cost

z
                (.LO, .L, .UP, .M = -INF, 0, +INF, 0)
        1       cost

GAMS 30.2.0  r482c588 Released Feb  7, 2020 WEX-WEI x86 64bit/MS Windows 01/31/22 14:00:13 Page 4
G e n e r a l   A l g e b r a i c   M o d e l i n g   S y s t e m
Model Statistics    SOLVE toyMod Using LP From line 33


MODEL STATISTICS

BLOCKS OF EQUATIONS           6     SINGLE EQUATIONS           10
BLOCKS OF VARIABLES           4     SINGLE VARIABLES            6
NON ZERO ELEMENTS            20


GENERATION TIME      =        0.031 SECONDS      4 MB  30.2.0 r482c588 WEX-WEI


EXECUTION TIME       =        0.031 SECONDS      4 MB  30.2.0 r482c588 WEX-WEI
GAMS 30.2.0  r482c588 Released Feb  7, 2020 WEX-WEI x86 64bit/MS Windows 01/31/22 14:00:13 Page 5
G e n e r a l   A l g e b r a i c   M o d e l i n g   S y s t e m
Solution Report     SOLVE toyMod Using LP From line 33


               S O L V E      S U M M A R Y

     MODEL   toyMod              OBJECTIVE  z
     TYPE    LP                  DIRECTION  MINIMIZE
     SOLVER  CPLEX               FROM LINE  33

**** SOLVER STATUS     1 Normal Completion         
**** MODEL STATUS      1 Optimal                   
**** OBJECTIVE VALUE            34000.0000

 RESOURCE USAGE, LIMIT          0.078      1000.000
 ITERATION COUNT, LIMIT         0    2000000000

IBM ILOG CPLEX   30.2.0 r482c588 Released Feb 07, 2020 WEI x86 64bit/MS Window
--- GAMS/Cplex Link licensed for continuous and discrete problems.
Cplex 12.10.0.0

Space for names approximately 0.00 Mb
Use option 'names no' to turn use of names off
LP status(1): optimal
Cplex Time: 0.02sec (det. 0.01 ticks)
Optimal solution found.
Objective :       34000.000000


                       LOWER     LEVEL     UPPER    MARGINAL

---- EQU cost            .         .         .        1.000      

  cost  objective function

---- EQU supply  supply limit at plant i

        LOWER     LEVEL     UPPER    MARGINAL

MISO     -INF    200.000   200.000      .         
PJM      -INF    600.000   600.000  -100.000      

---- EQU demand  satisfy demand

        LOWER     LEVEL     UPPER    MARGINAL

MISO   100.000   100.000   100.000    30.000      
PJM    700.000   700.000   700.000   130.000      

---- EQU flow_pos  flow constrains

        LOWER     LEVEL     UPPER    MARGINAL

MISO     -INF       .         .     -100.000      
PJM      -INF   -200.000      .         .         

---- EQU flow_neg  flow constrains

        LOWER     LEVEL     UPPER    MARGINAL

MISO      .      200.000     +INF       .         
PJM       .         .        +INF       .         

                       LOWER     LEVEL     UPPER    MARGINAL

---- EQU flow_bal        .         .         .      130.000      

  flow_bal  flow balance

---- VAR x  generation

        LOWER     LEVEL     UPPER    MARGINAL

MISO      .      200.000     +INF       .         
PJM       .      600.000     +INF       .         

---- VAR y  flows away from a region

        LOWER     LEVEL     UPPER    MARGINAL

MISO     -INF    100.000     +INF       .         
PJM      -INF   -100.000     +INF       .         

                       LOWER     LEVEL     UPPER    MARGINAL

---- VAR l               .      100.000     +INF       .         
---- VAR z              -INF  34000.000     +INF       .         

  l  new capacity built
  z  total transmission cost


**** REPORT SUMMARY :        0     NONOPT
                             0 INFEASIBLE
                             0  UNBOUNDED


EXECUTION TIME       =        0.000 SECONDS      2 MB  30.2.0 r482c588 WEX-WEI


USER: An Pham, Single User License                   G210526|0002AO-GEN
      University of Michigan, School for Environment and SustainDC15829
      License for teaching and research at degree granting institutions


**** FILE SUMMARY

Input      C:\Users\atpha\Documents\Postdocs\Projects\NETs\Model\EI-CE\GAMS\test
           _1var.gms
Output     C:\Users\atpha\Documents\Postdocs\Projects\NETs\Model\EI-CE\GAMS\test
           _1var.lst
